
> not-the-news@1.0.0 build
> vite build

vite v7.3.0 building client environment for production...
transforming...
✓ 66 modules transformed.

PWA v1.0.3
Building sw.js service worker ("es" format)...
vite v7.3.0 building client environment for production...
transforming...
✓ 84 modules transformed.
rendering chunks...
computing gzip size...
../www/sw.mjs  19.83 kB │ gzip: 6.54 kB
✓ built in 2.22s

PWA v1.0.3
mode      injectManifest
format:   es
precache  17 entries (845.82 KiB)
files generated
  ../www/sw.js
✗ Build failed in 3.80s
error during build:
[vite-plugin-pwa:build] There was an error during the build:
  src/js/helpers/userStateUtils.ts (10:4): "queueAndAttemptSyncOperation" is not exported by "src/js/data/dbUserState.ts", imported by "src/js/helpers/userStateUtils.ts".
Additionally, handling the error in the 'buildEnd' hook caused the following error:
  src/js/helpers/userStateUtils.ts (10:4): "queueAndAttemptSyncOperation" is not exported by "src/js/data/dbUserState.ts", imported by "src/js/helpers/userStateUtils.ts".
file: /home/ntn/git/not-the-news/src/js/helpers/userStateUtils.ts:10:4

 8:     loadArrayState,
 9:     saveArrayState,
10:     queueAndAttemptSyncOperation,
        ^
11:     updateArrayState,
12:     overwriteArrayAndSyncChanges

    at getRollupError (file:///home/ntn/git/not-the-news/node_modules/rollup/dist/es/shared/parseAst.js:401:41)
    at file:///home/ntn/git/not-the-news/node_modules/rollup/dist/es/shared/node-entry.js:23290:39
    at async catchUnfinishedHookActions (file:///home/ntn/git/not-the-news/node_modules/rollup/dist/es/shared/node-entry.js:22749:16)
    at async rollupInternal (file:///home/ntn/git/not-the-news/node_modules/rollup/dist/es/shared/node-entry.js:23273:5)
    at async buildEnvironment (file:///home/ntn/git/not-the-news/node_modules/vite/dist/node/chunks/config.js:33540:12)
    at async Object.build (file:///home/ntn/git/not-the-news/node_modules/vite/dist/node/chunks/config.js:33899:19)
    at async Object.buildApp (file:///home/ntn/git/not-the-news/node_modules/vite/dist/node/chunks/config.js:33896:153)
    at async CAC.<anonymous> (file:///home/ntn/git/not-the-news/node_modules/vite/dist/node/cli.js:629:3)
